
[32m[1mjulia> [0m[0m[1KPlotting 1 group
First Point 1 group : (739, 2411)
Plotting 1 group
First Point 1 group : (1687, 2702)
Plotting 2 group
Point 2 group : (2032, 2939)
Plotting 3 group
Point 3 group : (2365, 2794)
Plotting 4 group
Point 4 group : (2670, 2546)
Plotting 5 group
Point 5 group : (2973, 2277)
Plotting 6 group
Point 6 group : (2634, 1955)
Plotting 7 group
Point 7 group : (2335, 2247)
Plotting 8 group
Point 8 group : (1866, 2420)
Plotting 9 group
Point 9 group : (2294, 2630)
Plotting 10 group
Point 10 group : (1976, 2967)
Plotting 11 group
Point 11 group : (1725, 2574)
Plotting 12 group
Point 12 group : (1369, 2447)
Plotting 13 group
Point 13 group : (1663, 2755)
Plotting 14 group
Point 14 group : (1268, 2569)
Plotting 15 group
Point 15 group : (1658, 2283)
Plotting 16 group
Point 16 group : (1803, 1845)
Plotting 17 group
Point 17 group : (1472, 2077)
Plotting 18 group
Point 18 group : (1087, 2384)
Plotting 19 group
Point 19 group : (1536, 2573)
Plotting 20 group
Point 20 group : (1415, 2089)
Plotting 21 group
Point 21 group : (1784, 2339)
Plotting 22 group
Point 22 group : (2018, 2637)
Plotting 23 group
Point 23 group : (2217, 2278)
Plotting 24 group
Point 24 group : (2352, 2648)
Plotting 25 group
Point 25 group : (1917, 2519)
Plotting 26 group
Point 26 group : (2100, 2123)
Plotting 27 group
Point 27 group : (2251, 1674)
Plotting 28 group
Point 28 group : (2606, 1955)
Plotting 29 group
Point 29 group : (2484, 1576)
Plotting 30 group
Point 30 group : (2746, 1183)
Plotting 31 group
Point 31 group : (2519, 1572)
Plotting 32 group
Point 32 group : (2256, 1184)
Plotting 33 group
Point 33 group : (2284, 1566)
Plotting 34 group
Point 34 group : (1931, 1283)
Plotting 35 group
Point 35 group : (1981, 1708)
Plotting 36 group
Point 36 group : (2424, 1715)
Plotting 37 group
Point 37 group : (2235, 1300)
Plotting 38 group
Point 38 group : (2490, 895)
Plotting 39 group
Point 39 group : (2847, 748)
Plotting 40 group
Point 40 group : (2644, 1146)
Plotting 41 group
Point 41 group : (2390, 812)
Plotting 42 group
Point 42 group : (2630, 423)
Plotting 43 group
Point 43 group : (2947, 685)
Plotting 44 group
Point 44 group : (2528, 838)
Plotting 45 group
Point 45 group : (2568, 437)
Plotting 46 group
Point 46 group : (2403, 77)
Plotting 47 group
Point 47 group : (1946, 129)
Plotting 48 group
Point 48 group : (1529, 60)
Plotting 49 group
Point 49 group : (1476, 435)
Plotting 50 group
Point 50 group : (1355, 35)
Plotting 51 group
Point 51 group : (1148, 443)
Plotting 52 group
Point 52 group : (827, 152)
Plotting 53 group
Point 53 group : (335, 230)
Plotting 54 group
Point 54 group : (578, 535)
Plotting 55 group
Point 55 group : (910, 234)
Plotting 56 group
Point 56 group : (591, 605)
Plotting 57 group
Point 57 group : (992, 813)
Plotting 58 group
Point 58 group : (881, 338)
Plotting 59 group
Point 59 group : (440, 532)
Plotting 60 group
Point 60 group : (70, 233)
Plotting 61 group
Point 61 group : (494, 295)
Plotting 62 group
Point 62 group : (856, 395)
Plotting 63 group
Point 63 group : (372, 516)
Plotting 64 group
Point 64 group : (543, 912)
Plotting 65 group
Point 65 group : (496, 1346)
Plotting 66 group
Point 66 group : (905, 1463)
Plotting 67 group
Point 67 group : (1248, 1290)
Plotting 68 group
Point 68 group : (1401, 924)
Plotting 69 group
Point 69 group : (1892, 915)
Plotting 70 group
Point 70 group : (1952, 539)
Plotting 71 group
Point 71 group : (2127, 184)
Plotting 72 group
Point 72 group : (2108, 652)
Plotting 73 group
Point 73 group : (1786, 866)
Plotting 74 group
Point 74 group : (2048, 557)
Plotting 75 group
Point 75 group : (1555, 602)
Plotting 76 group
Point 76 group : (1958, 523)
Plotting 77 group
Point 77 group : (1802, 912)
Plotting 78 group
Point 78 group : (2156, 686)
Plotting 79 group
Point 79 group : (2003, 1066)
Plotting 80 group
Point 80 group : (1638, 1220)
Plotting 81 group
Point 81 group : (1158, 1225)
Plotting 82 group
Point 82 group : (716, 1260)
Plotting 83 group
Point 83 group : (295, 1165)
Plotting 84 group
Point 84 group : (476, 1539)
Plotting 85 group
Point 85 group : (870, 1365)
Plotting 86 group
Point 86 group : (964, 897)
Plotting 87 group
Point 87 group : (1092, 1329)
Plotting 88 group
Point 88 group : (1146, 953)
Plotting 89 group
Point 89 group : (711, 819)
Plotting 90 group
Point 90 group : (402, 1157)
Plotting 91 group
Point 91 group : (444, 1561)
Plotting 92 group
Point 92 group : (139, 1900)
Plotting 93 group
Point 93 group : (288, 2368)
Plotting 94 group
Point 94 group : (597, 2072)
Plotting 95 group
Point 95 group : (281, 1797)
Plotting 96 group
Point 96 group : (166, 2233)
Plotting 97 group
Point 97 group : (129, 2699)
Plotting 98 group
Point 98 group : (141, 2309)
Plotting 99 group
Point 99 group : (51, 1840)
Plotting 100 group
Point 100 group : (425, 1517)
Plotting 101 group
Point 101 group : (596, 1176)
Plotting 102 group
Point 102 group : (739, 1556)
Plotting 103 group
Point 103 group : (739, 1950)
Plotting 104 group
Point 104 group : (1140, 1914)
Plotting 105 group
Point 105 group : (733, 1650)
Plotting 106 group
Point 106 group : (1197, 1800)
Plotting 107 group
Point 107 group : (1194, 2259)
Plotting 108 group
Point 108 group : (1348, 2708)
Plotting 109 group
Point 109 group : (1809, 2789)
Plotting 110 group
Point 110 group : (1911, 2355)
Plotting 111 group
Point 111 group : (2188, 2078)
Plotting 112 group
Point 112 group : (2291, 1699)
Plotting 113 group
Point 113 group : (2720, 1923)
Plotting 114 group
Point 114 group : (2295, 2144)
Plotting 115 group
Point 115 group : (2028, 1849)
Plotting 116 group
Point 116 group : (1682, 2138)
Plotting 117 group
Point 117 group : (1975, 1791)
Plotting 118 group
Point 118 group : (2005, 2224)
Plotting 119 group
Point 119 group : (2202, 1896)
Plotting 120 group
Point 120 group : (1752, 1928)
Plotting 121 group
Point 121 group : (1696, 1494)
Plotting 122 group
Point 122 group : (2035, 1746)
Plotting 123 group
Point 123 group : (1683, 1930)
Plotting 124 group
Point 124 group : (1915, 1596)
Plotting 125 group
Point 125 group : (2111, 1993)
Plotting 126 group
Point 126 group : (2487, 2257)
Plotting 127 group
Point 127 group : (2698, 1822)
Plotting 128 group
Point 128 group : (2664, 2198)
Plotting 129 group
Point 129 group : (2600, 2611)
Plotting 130 group
Point 130 group : (2960, 2398)
Plotting 131 group
Point 131 group : (2502, 2286)
Plotting 132 group
Point 132 group : (2918, 2238)
Plotting 133 group
Point 133 group : (2561, 2555)
Plotting 134 group
Point 134 group : (2961, 2615)
Plotting 135 group
Point 135 group : (2940, 2127)
Plotting 136 group
Point 136 group : (2924, 2576)
Plotting 137 group
Point 137 group : (2715, 2146)
Plotting 138 group
Point 138 group : (2247, 2114)
Plotting 139 group
Point 139 group : (2272, 2546)
Plotting 140 group
Point 140 group : (1817, 2710)
Plotting 141 group
Point 141 group : (1496, 2942)
Plotting 142 group
Point 142 group : (1652, 2551)
Plotting 143 group
Point 143 group : (1543, 2107)
Plotting 144 group
Point 144 group : (1120, 2332)
Plotting 145 group
Point 145 group : (1326, 1920)
Plotting 146 group
Point 146 group : (1765, 2050)
Plotting 147 group
Point 147 group : (1812, 2465)
Plotting 148 group
Point 148 group : (2204, 2394)
Plotting 149 group
Point 149 group : (2209, 1909)
Plotting 150 group
Point 150 group : (1778, 1870)
Plotting 151 group
Point 151 group : (1612, 2324)
Plotting 152 group
Point 152 group : (1997, 2117)
Plotting 153 group
Point 153 group : (2199, 1691)
Plotting 154 group
Point 154 group : (2061, 2057)
Plotting 155 group
Point 155 group : (2076, 2448)
Plotting 156 group
Point 156 group : (1616, 2358)
Plotting 157 group
Point 157 group : (1752, 1991)
Plotting 158 group
Point 158 group : (1579, 1561)
Plotting 159 group
Point 159 group : (1376, 1927)
Plotting 160 group
Point 160 group : (911, 1837)
Plotting 161 group
Point 161 group : (1004, 1382)
Plotting 162 group
Point 162 group : (1381, 1328)
Plotting 163 group
Point 163 group : (1183, 1004)
Plotting 164 group
Point 164 group : (957, 1310)
Plotting 165 group
Point 165 group : (729, 902)
Plotting 166 group
Point 166 group : (1024, 644)
Plotting 167 group
Point 167 group : (611, 807)
Plotting 168 group
Point 168 group : (217, 979)
Plotting 169 group
Point 169 group : (465, 1388)
Plotting 170 group
Point 170 group : (88, 1326)
Plotting 171 group
Point 171 group : (451, 1107)
Plotting 172 group
Point 172 group : (762, 805)
Plotting 173 group
Point 173 group : (532, 1228)
Plotting 174 group
Point 174 group : (754, 872)
Plotting 175 group
Point 175 group : (804, 1298)
Plotting 176 group
Point 176 group : (381, 1232)
Plotting 177 group
Point 177 group : (543, 837)
Plotting 178 group
Point 178 group : (742, 1247)
Plotting 179 group
Point 179 group : (749, 842)
Plotting 180 group
Point 180 group : (823, 1299)
Plotting 181 group
Point 181 group : (568, 1655)
Plotting 182 group
Point 182 group : (919, 1462)
Plotting 183 group
Point 183 group : (729, 1923)
Plotting 184 group
Point 184 group : (1127, 2156)
Plotting 185 group
Point 185 group : (878, 1750)
Plotting 186 group
Point 186 group : (1035, 2096)
Plotting 187 group
Point 187 group : (1035, 1641)
Plotting 188 group
Point 188 group : (654, 1727)
Plotting 189 group
Point 189 group : (1025, 1896)
Plotting 190 group
Point 190 group : (1426, 1672)
Plotting 191 group
Point 191 group : (1289, 1317)
Plotting 192 group
Point 192 group : (1251, 1704)
Plotting 193 group
Point 193 group : (1167, 1284)
Plotting 194 group
Point 194 group : (681, 1300)
Plotting 195 group
Point 195 group : (411, 1642)
Plotting 196 group
Point 196 group : (689, 1289)
Plotting 197 group
Point 197 group : (855, 871)
Plotting 198 group
Point 198 group : (1225, 629)
Plotting 199 group
Point 199 group : (1594, 536)
Plotting 200 group
Point 200 group : (1388, 861)
Plotting 201 group
Point 201 group : (1167, 526)
Plotting 202 group
Point 202 group : (787, 489)
Plotting 203 group
Point 203 group : (1219, 563)
Plotting 204 group
Point 204 group : (1537, 917)
Plotting 205 group
Point 205 group : (1769, 509)
Plotting 206 group
Point 206 group : (1355, 247)
Plotting 207 group
Point 207 group : (1802, 271)
Plotting 208 group
Point 208 group : (2158, 621)
Plotting 209 group
Point 209 group : (2422, 1024)
Plotting 210 group
Point 210 group : (2853, 915)
Plotting 211 group
Point 211 group : (2439, 723)
Plotting 212 group
Point 212 group : (2061, 492)
Plotting 213 group
Point 213 group : (1590, 488)
Plotting 214 group
Point 214 group : (1108, 571)
Plotting 215 group
Point 215 group : (1506, 509)
Plotting 216 group
Point 216 group : (1452, 117)
Plotting 217 group
Point 217 group : (1353, 532)
Plotting 218 group
Point 218 group : (1110, 910)
Plotting 219 group
Point 219 group : (1522, 1074)
Plotting 220 group
Point 220 group : (1562, 683)
Plotting 221 group
Point 221 group : (1260, 390)
Plotting 222 group
Point 222 group : (998, 676)
Plotting 223 group
Point 223 group : (1148, 1129)
Plotting 224 group
Point 224 group : (812, 1372)
Plotting 225 group
Point 225 group : (1205, 1102)
Plotting 226 group
Point 226 group : (1456, 768)
Plotting 227 group
Point 227 group : (1059, 923)
Plotting 228 group
Point 228 group : (1488, 1016)
Plotting 229 group
Point 229 group : (1903, 1292)
Plotting 230 group
Point 230 group : (2088, 923)
Plotting 231 group
Point 231 group : (1860, 548)
Plotting 232 group
Point 232 group : (2075, 890)
Plotting 233 group
Point 233 group : (2516, 828)
Plotting 234 group
Point 234 group : (2131, 721)
Plotting 235 group
Point 235 group : (2431, 345)
Plotting 236 group
Point 236 group : (2055, 551)
Plotting 237 group
Point 237 group : (2361, 277)
Plotting 238 group
Point 238 group : (2742, 249)
Plotting 239 group
Point 239 group : (2493, 540)
Plotting 240 group
Point 240 group : (2524, 64)
Plotting 241 group
Point 241 group : (2708, 506)
Plotting 242 group
Point 242 group : (2809, 980)
Plotting 243 group
Point 243 group : (2401, 1126)
Plotting 244 group
Point 244 group : (2885, 1029)
Plotting 245 group
Point 245 group : (2677, 1348)
Plotting 246 group
Point 246 group : (2690, 1723)
Plotting 247 group
Point 247 group : (2938, 1346)
Plotting 248 group
Point 248 group : (2982, 1743)
Plotting 249 group
Point 249 group : (2968, 2206)
Plotting 250 group
Point 250 group : (2581, 2421)
Plotting 251 group
Point 251 group : (2846, 2707)
Plotting 252 group
Point 252 group : (2500, 2375)
Plotting 253 group
Point 253 group : (2661, 1964)
Plotting 254 group
Point 254 group : (2352, 2319)
Plotting 255 group
Point 255 group : (2585, 1878)
Plotting 256 group
Point 256 group : (2331, 1477)
Plotting 257 group
Point 257 group : (2574, 1189)
Plotting 258 group
Point 258 group : (2425, 725)
Plotting 259 group
Point 259 group : (2560, 257)
Plotting 260 group
Point 260 group : (2256, 621)
Plotting 261 group
Point 261 group : (1947, 229)
Plotting 262 group
Point 262 group : (2416, 79)
Plotting 263 group
Point 263 group : (2810, 147)
Plotting 264 group
Point 264 group : (2985, 481)
Plotting 265 group
Point 265 group : (2763, 162)
Plotting 266 group
Point 266 group : (2460, 418)
Plotting 267 group
Point 267 group : (2795, 712)
Plotting 268 group
Point 268 group : (2809, 1181)
Plotting 269 group
Point 269 group : (2537, 762)
Plotting 270 group
Point 270 group : (2145, 482)
Plotting 271 group
Point 271 group : (2497, 332)
Plotting 272 group
Point 272 group : (2138, 151)
Plotting 273 group
Point 273 group : (2581, 59)
Plotting 274 group
Point 274 group : (2170, 242)
Plotting 275 group
Point 275 group : (2303, 605)
Plotting 276 group
Point 276 group : (2532, 924)
Plotting 277 group
Point 277 group : (2765, 579)
Plotting 278 group
Point 278 group : (2386, 419)
Plotting 279 group
Point 279 group : (2756, 541)
Plotting 280 group
Point 280 group : (2285, 629)
Plotting 281 group
Point 281 group : (2744, 481)
Plotting 282 group
Point 282 group : (2411, 204)
Plotting 283 group
Point 283 group : (2030, 203)
Plotting 284 group
Point 284 group : (2108, 634)
Plotting 285 group
Point 285 group : (1694, 782)
Plotting 286 group
Point 286 group : (1544, 409)
Plotting 287 group
Point 287 group : (1253, 692)
Plotting 288 group
Point 288 group : (1507, 986)
Plotting 289 group
Point 289 group : (1196, 696)
Plotting 290 group
Point 290 group : (1075, 216)
Plotting 291 group
Point 291 group : (1490, 233)
Plotting 292 group
Point 292 group : (1263, 660)
Plotting 293 group
Point 293 group : (860, 836)
Plotting 294 group
Point 294 group : (548, 1077)
Plotting 295 group
Point 295 group : (892, 842)
Plotting 296 group
Point 296 group : (972, 1218)
Plotting 297 group
Point 297 group : (756, 1636)
Plotting 298 group
Point 298 group : (1255, 1618)
Plotting 299 group
Point 299 group : (830, 1772)
Plotting 300 group
Point 300 group : (877, 1315)
Plotting 301 group
Point 301 group : (500, 1392)
Plotting 302 group
Point 302 group : (854, 1616)
Plotting 303 group
Point 303 group : (774, 1158)
Plotting 304 group
Point 304 group : (890, 752)
Plotting 305 group
Point 305 group : (552, 917)
Plotting 306 group
Point 306 group : (241, 666)
Plotting 307 group
Point 307 group : (690, 455)
Plotting 308 group
Point 308 group : (1101, 504)
Plotting 309 group
Point 309 group : (645, 376)
Plotting 310 group
Point 310 group : (870, 74)
Plotting 311 group
Point 311 group : (1295, 336)
Plotting 312 group
Point 312 group : (851, 311)
Plotting 313 group
Point 313 group : (1117, 664)
Plotting 314 group
Point 314 group : (1524, 927)
Plotting 315 group
Point 315 group : (1956, 991)
Plotting 316 group
Point 316 group : (2374, 836)
Plotting 317 group
Point 317 group : (2169, 447)
Plotting 318 group
Point 318 group : (2627, 644)
Plotting 319 group
Point 319 group : (2991, 381)
Plotting 320 group
Point 320 group : (2862, 831)
Plotting 321 group
Point 321 group : (2755, 439)
Plotting 322 group
Point 322 group : (2530, 67)
Plotting 323 group
Point 323 group : (2731, 398)
Plotting 324 group
Point 324 group : (2554, 802)
Plotting 325 group
Point 325 group : (2827, 1190)
Plotting 326 group
Point 326 group : (2463, 1435)
Plotting 327 group
Point 327 group : (2933, 1304)
Plotting 328 group
Point 328 group : (2706, 1622)
Plotting 329 group
Point 329 group : (2340, 1394)
Plotting 330 group
Point 330 group : (2736, 1688)
Plotting 331 group
Point 331 group : (2398, 1434)
Plotting 332 group
Point 332 group : (2285, 1055)
Plotting 333 group
Point 333 group : (2757, 1124)
Plotting 334 group
Point 334 group : (2792, 671)
Plotting 335 group
Point 335 group : (2497, 992)
Plotting 336 group
Point 336 group : (2883, 867)
Plotting 337 group
Point 337 group : (2445, 880)
Plotting 338 group
Point 338 group : (2629, 1241)
Plotting 339 group
Point 339 group : (2390, 1639)
Plotting 340 group
Point 340 group : (2406, 2115)
Plotting 341 group
Point 341 group : (2530, 2525)
Plotting 342 group
Point 342 group : (2917, 2386)
Plotting 343 group
Point 343 group : (2941, 1919)
Plotting 344 group
Point 344 group : (2609, 2215)
Plotting 345 group
Point 345 group : (2295, 2484)
Plotting 346 group
Point 346 group : (1839, 2689)
Plotting 347 group
Point 347 group : (1706, 2299)
Plotting 348 group
Point 348 group : (1592, 2764)
Plotting 349 group
Point 349 group : (1956, 2933)
Plotting 350 group
Point 350 group : (2427, 2880)
Plotting 351 group
Point 351 group : (2852, 2937)
Plotting 352 group
Point 352 group : (2916, 2512)
Plotting 353 group
Point 353 group : (2670, 2221)
Plotting 354 group
Point 354 group : (2475, 2624)
Plotting 355 group
Point 355 group : (2909, 2720)
Plotting 356 group
Point 356 group : (2445, 2871)
Plotting 357 group
Point 357 group : (1985, 2773)
Plotting 358 group
Point 358 group : (2191, 2336)
Plotting 359 group
Point 359 group : (2130, 1883)
Plotting 360 group
Point 360 group : (1814, 2257)
Plotting 361 group
Point 361 group : (1379, 2301)
Plotting 362 group
Point 362 group : (1789, 2196)
Plotting 363 group
Point 363 group : (2177, 2026)
Plotting 364 group
Point 364 group : (2397, 1590)
Plotting 365 group
Point 365 group : (2850, 1405)
Plotting 366 group
Point 366 group : (2771, 968)
Plotting 367 group
Point 367 group : (2652, 555)
Plotting 368 group
Point 368 group : (2309, 818)
Plotting 369 group
Point 369 group : (2261, 382)
Plotting 370 group
Point 370 group : (1923, 714)
Plotting 371 group
Point 371 group : (1550, 646)
Plotting 372 group
Point 372 group : (1633, 1051)
Plotting 373 group
Point 373 group : (1777, 697)
Plotting 374 group
Point 374 group : (1390, 868)
Plotting 375 group
Point 375 group : (1810, 892)
Plotting 376 group
Point 376 group : (1926, 406)
Plotting 377 group
Point 377 group : (1916, 818)
Plotting 378 group
Point 378 group : (2188, 550)
Plotting 379 group
Point 379 group : (2412, 984)
Plotting 380 group
Point 380 group : (1942, 903)
Plotting 381 group
Point 381 group : (2224, 1168)
Plotting 382 group
Point 382 group : (2481, 841)
Plotting 383 group
Point 383 group : (2940, 686)
Plotting 384 group
Point 384 group : (2624, 994)
Plotting 385 group
Point 385 group : (2756, 523)
Plotting 386 group
Point 386 group : (2712, 68)
Plotting 387 group
Point 387 group : (2825, 555)
Plotting 388 group
Point 388 group : (2718, 124)
Plotting 389 group
Point 389 group : (2548, 526)
Plotting 390 group
Point 390 group : (2125, 544)
Plotting 391 group
Point 391 group : (1719, 654)
Plotting 392 group
Point 392 group : (1916, 1065)
Plotting 393 group
Point 393 group : (1513, 1342)
Plotting 394 group
Point 394 group : (1688, 972)
Plotting 395 group
Point 395 group : (1841, 504)
Plotting 396 group
Point 396 group : (1622, 910)
Plotting 397 group
Point 397 group : (1259, 720)
Plotting 398 group
Point 398 group : (1078, 275)
Plotting 399 group
Point 399 group : (1383, 565)
Plotting 400 group
Point 400 group : (1703, 283)
Plotting 401 group
Point 401 group : (1895, 616)
Plotting 402 group
Point 402 group : (2167, 230)
Plotting 403 group
Point 403 group : (2330, 583)
Plotting 404 group
Point 404 group : (2586, 911)
Plotting 405 group
Point 405 group : (2462, 473)
Plotting 406 group
Point 406 group : (2616, 906)
Plotting 407 group
Point 407 group : (2246, 794)
Plotting 408 group
Point 408 group : (2581, 1143)
Plotting 409 group
Point 409 group : (2273, 1412)
Plotting 410 group
Point 410 group : (2139, 1843)
Plotting 411 group
Point 411 group : (1922, 1521)
Plotting 412 group
Point 412 group : (1839, 1981)
Plotting 413 group
Point 413 group : (2235, 2080)
Plotting 414 group
Point 414 group : (2715, 2024)
Plotting 415 group
Point 415 group : (2491, 2355)
Plotting 416 group
Point 416 group : (2081, 2242)
Plotting 417 group
Point 417 group : (1678, 2475)
Plotting 418 group
Point 418 group : (1188, 2524)
Plotting 419 group
Point 419 group : (1472, 2866)
Plotting 420 group
Point 420 group : (1877, 2906)
Plotting 421 group
Point 421 group : (1486, 2896)
Plotting 422 group
Point 422 group : (1094, 2954)
Plotting 423 group
Point 423 group : (1436, 2708)
Plotting 424 group
Point 424 group : (1357, 2276)
Plotting 425 group
Point 425 group : (1726, 2205)
Plotting 426 group
Point 426 group : (1412, 1956)
Plotting 427 group
Point 427 group : (1880, 2095)
Plotting 428 group
Point 428 group : (1435, 2009)
Plotting 429 group
Point 429 group : (1504, 1529)
Plotting 430 group
Point 430 group : (1714, 1146)
Plotting 431 group
Point 431 group : (1284, 1028)
Plotting 432 group
Point 432 group : (1504, 1364)
Plotting 433 group
Point 433 group : (1770, 1748)
Plotting 434 group
Point 434 group : (2253, 1650)
Plotting 435 group
Point 435 group : (1827, 1630)
Plotting 436 group
Point 436 group : (2240, 1572)
Plotting 437 group
Point 437 group : (1911, 1355)
Plotting 438 group
Point 438 group : (2345, 1269)
Plotting 439 group
Point 439 group : (2303, 1707)
Plotting 440 group
Point 440 group : (2751, 1835)
Plotting 441 group
Point 441 group : (2695, 1438)
Plotting 442 group
Point 442 group : (2926, 1048)
Plotting 443 group
Point 443 group : (2531, 981)
Plotting 444 group
Point 444 group : (2227, 1315)
Plotting 445 group
Point 445 group : (2336, 926)
Plotting 446 group
Point 446 group : (1949, 621)
Plotting 447 group
Point 447 group : (1582, 291)
Plotting 448 group
Point 448 group : (1195, 82)
Plotting 449 group
Point 449 group : (1553, 423)
Plotting 450 group
Point 450 group : (1402, 833)
Plotting 451 group
Point 451 group : (1050, 647)
Plotting 452 group
Point 452 group : (1415, 453)
Plotting 453 group
Point 453 group : (981, 392)
Plotting 454 group
Point 454 group : (502, 410)
Plotting 455 group
Point 455 group : (743, 86)
Plotting 456 group
Point 456 group : (322, 242)
Plotting 457 group
Point 457 group : (766, 424)
Plotting 458 group
Point 458 group : (1123, 167)
Plotting 459 group
Point 459 group : (761, 350)
Plotting 460 group
Point 460 group : (377, 480)
Plotting 461 group
Point 461 group : (159, 915)
Plotting 462 group
Point 462 group : (227, 539)
Plotting 463 group
Point 463 group : (637, 713)
Plotting 464 group
Point 464 group : (260, 918)
Plotting 465 group
Point 465 group : (643, 915)
Plotting 466 group
Point 466 group : (915, 574)
Plotting 467 group
Point 467 group : (574, 370)
Plotting 468 group
Point 468 group : (264, 47)
Plotting 469 group
Point 469 group : (78, 455)
Plotting 470 group
Point 470 group : (457, 229)
Plotting 471 group
Point 471 group : (835, 121)
Plotting 472 group
Point 472 group : (682, 527)
Plotting 473 group
Point 473 group : (268, 690)
Plotting 474 group
Point 474 group : (480, 1069)
Plotting 475 group
Point 475 group : (299, 1425)
Plotting 476 group
Point 476 group : (362, 1818)
Plotting 477 group
Point 477 group : (347, 1329)
Plotting 478 group
Point 478 group : (757, 1069)
Plotting 479 group
Point 479 group : (1191, 1302)
Plotting 480 group
Point 480 group : (1156, 1758)
Plotting 481 group
Point 481 group : (1170, 2207)
Plotting 482 group
Point 482 group : (1557, 2341)
Plotting 483 group
Point 483 group : (2007, 2311)
Plotting 484 group
Point 484 group : (1916, 1939)
Plotting 485 group
Point 485 group : (2166, 1569)
Plotting 486 group
Point 486 group : (2146, 1140)
Plotting 487 group
Point 487 group : (1692, 1077)
Plotting 488 group
Point 488 group : (1949, 731)
Plotting 489 group
Point 489 group : (2166, 334)
Plotting 490 group
Point 490 group : (2437, 688)
Plotting 491 group
Point 491 group : (2112, 878)
Plotting 492 group
Point 492 group : (2458, 1132)
Plotting 493 group
Point 493 group : (2894, 982)
Plotting 494 group
Point 494 group : (2441, 867)
Plotting 495 group
Point 495 group : (2649, 1293)
Plotting 496 group
Point 496 group : (2902, 1658)
Plotting 497 group
Point 497 group : (2958, 2106)
Plotting 498 group
Point 498 group : (2833, 1721)
Plotting 499 group
Point 499 group : (2850, 1238)
Plotting 500 group
Point 500 group : (2549, 900)
Plotting 501 group
Point 501 group : (2111, 660)
Plotting 502 group
Point 502 group : (2402, 921)
Plotting 503 group
Point 503 group : (2034, 1115)
Plotting 504 group
Point 504 group : (2502, 1007)
Plotting 505 group
Point 505 group : (2212, 616)
Plotting 506 group
Point 506 group : (1751, 459)
Plotting 507 group
Point 507 group : (1469, 754)
Plotting 508 group
Point 508 group : (1876, 527)
Plotting 509 group
Point 509 group : (2037, 73)
Plotting 510 group
Point 510 group : (1656, 357)
Plotting 511 group
Point 511 group : (1831, 12)
Plotting 512 group
Point 512 group : (2273, 139)
Plotting 513 group
Point 513 group : (2672, 412)
Plotting 514 group
Point 514 group : (2402, 674)
Plotting 515 group
Point 515 group : (2833, 421)
Plotting 516 group
Point 516 group : (2448, 245)
Plotting 517 group
Point 517 group : (2761, 548)
Plotting 518 group
Point 518 group : (2892, 963)
Plotting 519 group
Point 519 group : (2794, 521)
Plotting 520 group
Point 520 group : (2417, 674)
Plotting 521 group
Point 521 group : (2009, 476)
Plotting 522 group
Point 522 group : (2140, 83)
Plotting 523 group
Point 523 group : (2427, 374)
Plotting 524 group
Point 524 group : (2826, 577)
Plotting 525 group
Point 525 group : (2538, 214)
Plotting 526 group
Point 526 group : (2107, 401)
Plotting 527 group
Point 527 group : (2416, 727)
Plotting 528 group
Point 528 group : (2875, 590)
Plotting 529 group
Point 529 group : (2861, 116)
Plotting 530 group
Point 530 group : (2534, 374)
Plotting 531 group
Point 531 group : (2862, 728)
Plotting 532 group
Point 532 group : (2632, 1078)
Plotting 533 group
Point 533 group : (2440, 1461)
Plotting 534 group
Point 534 group : (2862, 1207)
Plotting 535 group
Point 535 group : (2448, 1047)
Plotting 536 group
Point 536 group : (2191, 1439)
Plotting 537 group
Point 537 group : (2567, 1371)
Plotting 538 group
Point 538 group : (2953, 1675)
Plotting 539 group
Point 539 group : (2749, 2090)
Plotting 540 group
Point 540 group : (2619, 2479)
Plotting 541 group
Point 541 group : (2175, 2550)
Plotting 542 group
Point 542 group : (2053, 2175)
Plotting 543 group
Point 543 group : (1809, 1887)
Plotting 544 group
Point 544 group : (1460, 2211)
Plotting 545 group
Point 545 group : (1939, 2206)
Plotting 546 group
Point 546 group : (1619, 2409)
Plotting 547 group
Point 547 group : (1195, 2327)
Plotting 548 group
Point 548 group : (1281, 2801)
Plotting 549 group
Point 549 group : (901, 2872)
Plotting 550 group
Point 550 group : (1317, 2744)
Plotting 551 group
Point 551 group : (1704, 2474)
Plotting 552 group
Point 552 group : (2126, 2292)
Plotting 553 group
Point 553 group : (2363, 2686)
Plotting 554 group
Point 554 group : (1957, 2558)
Plotting 555 group
Point 555 group : (2395, 2667)
Plotting 556 group
Point 556 group : (2634, 2276)
Plotting 557 group
Point 557 group : (2223, 2380)
Plotting 558 group
Point 558 group : (2010, 2734)
Plotting 559 group
Point 559 group : (1594, 2816)
Plotting 560 group
Point 560 group : (1831, 2401)
Plotting 561 group
Point 561 group : (1570, 2064)
Plotting 562 group
Point 562 group : (1150, 1829)
Plotting 563 group
Point 563 group : (1226, 2306)
Plotting 564 group
Point 564 group : (1140, 1900)
Plotting 565 group
Point 565 group : (897, 1529)
Plotting 566 group
Point 566 group : (435, 1499)
Plotting 567 group
Point 567 group : (711, 1157)
Plotting 568 group
Point 568 group : (1040, 968)
Plotting 569 group
Point 569 group : (980, 503)
Plotting 570 group
Point 570 group : (1220, 160)
Plotting 571 group
Point 571 group : (1704, 281)
Plotting 572 group
Point 572 group : (1402, 648)
Plotting 573 group
Point 573 group : (1614, 229)
Plotting 574 group
Point 574 group : (1256, 480)
Plotting 575 group
Point 575 group : (843, 337)
Plotting 576 group
Point 576 group : (377, 449)
Plotting 577 group
Point 577 group : (220, 813)
Plotting 578 group
Point 578 group : (153, 377)
Plotting 579 group
Point 579 group : (505, 693)
Plotting 580 group
Point 580 group : (332, 273)
Plotting 581 group
Point 581 group : (740, 189)
Plotting 582 group
Point 582 group : (706, 683)
Plotting 583 group
Point 583 group : (386, 338)
Plotting 584 group
Point 584 group : (6, 89)
Plotting 585 group
Point 585 group : (105, 457)
Plotting 586 group
Point 586 group : (95, 874)
Plotting 587 group
Point 587 group : (509, 594)
Plotting 588 group
Point 588 group : (848, 405)
Plotting 589 group
Point 589 group : (904, 834)
Plotting 590 group
Point 590 group : (584, 1108)
Plotting 591 group
Point 591 group : (895, 808)
Plotting 592 group
Point 592 group : (586, 1060)
Plotting 593 group
Point 593 group : (639, 1455)
Plotting 594 group
Point 594 group : (381, 1878)
Plotting 595 group
Point 595 group : (247, 1425)
Plotting 596 group
Point 596 group : (287, 1836)
Plotting 597 group
Point 597 group : (302, 1384)
Plotting 598 group
Point 598 group : (413, 974)
Plotting 599 group
Point 599 group : (176, 1312)
Plotting 600 group
Point 600 group : (622, 1304)
Plotting 601 group
Point 601 group : (1091, 1413)
Plotting 602 group
Point 602 group : (1101, 1912)
Plotting 603 group
Point 603 group : (1160, 2302)
Plotting 604 group
Point 604 group : (1541, 2228)
Plotting 605 group
Point 605 group : (1291, 1820)
Plotting 606 group
Point 606 group : (887, 1859)
Plotting 607 group
Point 607 group : (493, 1585)
Plotting 608 group
Point 608 group : (503, 1163)
Plotting 609 group
Point 609 group : (39, 1343)
Plotting 610 group
Point 610 group : (244, 1702)
Plotting 611 group
Point 611 group : (563, 1421)
Plotting 612 group
Point 612 group : (950, 1623)
Plotting 613 group
Point 613 group : (1377, 1544)
Plotting 614 group
Point 614 group : (1841, 1690)
Plotting 615 group
Point 615 group : (1372, 1756)
Plotting 616 group
Point 616 group : (1836, 1798)
Plotting 617 group
Point 617 group : (2065, 1354)
Plotting 618 group
Point 618 group : (1623, 1474)
Plotting 619 group
Point 619 group : (1900, 1189)
Plotting 620 group
Point 620 group : (1584, 1493)
Plotting 621 group
Point 621 group : (1166, 1390)
Plotting 622 group
Point 622 group : (1619, 1362)
Int64[]
Int64[]
Test Summary:   | Pass  Total
CanvasModule.jl |    1      1
